// Jest Snapshot v1, https://goo.gl/fbAQLP

exports[`should render SourcePage correctly 1`] = `
<div
  className="source-page"
>
  <h1>
    SourcePage Component
  </h1>
</div>
`;
